******************************************************************************
TMS320C3x/4x COFF Linker                Version 5.00                   
******************************************************************************
>> Linked Fri May 13 18:19:08 2011

OUTPUT FILE NAME:   <xydakar.out>
ENTRY POINT SYMBOL: "_c_int00"  address: 00301070


MEMORY CONFIGURATION

           name     origin    length      used    attributes    fill
         --------  --------  ---------  --------  ----------  --------
         IRAM0     002ff800  000000400  00000000     RWIX      
         IRAM1     002ffc00  0000003f0  00000000     RWIX      
         NLRAM     00300000  000080000  000017f0     RWIX      
         PEROM     40000000  000008000  00000000     RWIX      
         NGRAM     80000000  000080000  00000000     RWIX      
         FGRAM     c0300900  00007f700  00000000     RWIX      


SECTION ALLOCATION MAP

 output                                  attributes/
section   page    origin      length       input sections
--------  ----  ----------  ----------   ----------------
.text      0    00300000    0000134b     
                  00300000    00000d75     xycore.obj (.text)
                  00300d75    00000000     rts40.lib : errno.obj (.text)
                  00300d75    00000123     f5_c4x.lib : control.obj (.text)
                  00300e98    0000006b                : intclear.obj (.text)
                  00300f03    0000008a                : intenabl.obj (.text)
                  00300f8d    0000001d                : intproc.obj (.text)
                  00300faa    00000069                : intsrc.obj (.text)
                  00301013    0000005b                : open.obj (.text)
                  0030106e    00000019     rts40.lib : boot.obj (.text)
                  00301087    0000000d               : divf.obj (.text)
                  00301094    00000025               : divi.obj (.text)
                  003010b9    00000033               : divu.obj (.text)
                  003010ec    00000022               : modi.obj (.text)
                  0030110e    0000002a               : modu.obj (.text)
                  00301138    0000002e               : cos.obj (.text)
                  00301166    00000025               : exit.obj (.text)
                  0030118b    00000014               : floor.obj (.text)
                  0030119f    00000031               : log.obj (.text)
                  003011d0    000000d9               : pow.obj (.text)
                  003012a9    0000002e               : sin.obj (.text)
                  003012d7    0000003c               : tan.obj (.text)
                  00301313    00000013               : frexp30.obj (.text)
                  00301326    00000017               : ldexp30.obj (.text)
                  0030133d    0000000e               : modf30.obj (.text)

.data      0    00300000    00000000     UNINITIALIZED
                  00300000    00000000     xycore.obj (.data)
                  00300000    00000000     rts40.lib : errno.obj (.data)
                  00300000    00000000               : modf30.obj (.data)
                  00300000    00000000               : ldexp30.obj (.data)
                  00300000    00000000               : frexp30.obj (.data)
                  00300000    00000000               : tan.obj (.data)
                  00300000    00000000               : sin.obj (.data)
                  00300000    00000000               : pow.obj (.data)
                  00300000    00000000               : log.obj (.data)
                  00300000    00000000               : floor.obj (.data)
                  00300000    00000000               : exit.obj (.data)
                  00300000    00000000               : cos.obj (.data)
                  00300000    00000000               : modu.obj (.data)
                  00300000    00000000               : modi.obj (.data)
                  00300000    00000000               : divu.obj (.data)
                  00300000    00000000               : divi.obj (.data)
                  00300000    00000000               : divf.obj (.data)
                  00300000    00000000               : boot.obj (.data)
                  00300000    00000000     f5_c4x.lib : open.obj (.data)
                  00300000    00000000                : intsrc.obj (.data)
                  00300000    00000000                : intproc.obj (.data)
                  00300000    00000000                : intenabl.obj (.data)
                  00300000    00000000                : intclear.obj (.data)
                  00300000    00000000                : control.obj (.data)

.bss       0    0030134b    000000a5     UNINITIALIZED
                  0030134b    00000017     xycore.obj (.bss)
                  00301362    00000000     rts40.lib : modf30.obj (.bss)
                  00301362    00000000               : ldexp30.obj (.bss)
                  00301362    00000000               : frexp30.obj (.bss)
                  00301362    00000000               : floor.obj (.bss)
                  00301362    00000000               : modu.obj (.bss)
                  00301362    00000000               : modi.obj (.bss)
                  00301362    00000000               : divu.obj (.bss)
                  00301362    00000000               : divi.obj (.bss)
                  00301362    00000000               : divf.obj (.bss)
                  00301362    00000000               : boot.obj (.bss)
                  00301362    0000000c     f5_c4x.lib : control.obj (.bss)
                  0030136e    0000000b                : intclear.obj (.bss)
                  00301379    00000007                : intenabl.obj (.bss)
                  00301380    00000001                : intproc.obj (.bss)
                  00301381    00000006                : intsrc.obj (.bss)
                  00301387    00000018                : open.obj (.bss)
                  0030139f    00000009     rts40.lib : cos.obj (.bss)
                  003013a8    00000023               : exit.obj (.bss)
                  003013cb    00000008               : log.obj (.bss)
                  003013d3    0000000e               : pow.obj (.bss)
                  003013e1    00000008               : sin.obj (.bss)
                  003013e9    00000006               : tan.obj (.bss)
                  003013ef    00000001               : errno.obj (.bss)

.const     0    00300000    00000000     UNINITIALIZED
                  00300000    00000000     xycore.obj (.const)
                  00300000    00000000     rts40.lib : tan.obj (.const)
                  00300000    00000000               : sin.obj (.const)
                  00300000    00000000               : pow.obj (.const)
                  00300000    00000000               : log.obj (.const)
                  00300000    00000000               : exit.obj (.const)
                  00300000    00000000               : cos.obj (.const)
                  00300000    00000000     f5_c4x.lib : open.obj (.const)
                  00300000    00000000                : intsrc.obj (.const)
                  00300000    00000000                : intproc.obj (.const)
                  00300000    00000000                : intenabl.obj (.const)
                  00300000    00000000                : intclear.obj (.const)
                  00300000    00000000                : control.obj (.const)

.cinit     0    00300000    000000a4     COPY SECTION
                  00300000    0000001d     xycore.obj (.cinit)
                  0030001d    0000000e     f5_c4x.lib : control.obj (.cinit)
                  0030002b    0000000f                : intclear.obj (.cinit)
                  0030003a    00000009                : intenabl.obj (.cinit)
                  00300043    00000003                : intproc.obj (.cinit)
                  00300046    00000008                : intsrc.obj (.cinit)
                  0030004e    00000012                : open.obj (.cinit)
                  00300060    0000000b     rts40.lib : cos.obj (.cinit)
                  0030006b    00000009               : exit.obj (.cinit)
                  00300074    0000000a               : log.obj (.cinit)
                  0030007e    00000010               : pow.obj (.cinit)
                  0030008e    0000000a               : sin.obj (.cinit)
                  00300098    00000008               : tan.obj (.cinit)
                  003000a0    00000003               : errno.obj (.cinit)
                  003000a3    00000001     --HOLE-- [fill = 00000000]

.stack     0    003013f0    00000400     UNINITIALIZED
                  003013f0    00000000     rts40.lib : boot.obj (.stack)

.vector    0    002ffc00    00000000     UNINITIALIZED

.user1     0    c0300900    00000000     UNINITIALIZED


GLOBAL SYMBOLS

address  name                             address  name
-------- ----                             -------- ----
0030134b .bss                             00000400 __STACK_SIZE
00300000 .data                            00300000 edata
00300000 .text                            00300000 .data
00301174 C$$EXIT                          00300000 .text
00301087 DIV_F40                          00300000 _SetSeed
00301094 DIV_I40                          00300008 _SetSeed2
003010b9 DIV_U40                          00300010 _GetRandNum
003010ec MOD_I40                          00300021 _GetRandNum2
0030110e MOD_U40                          00300032 _main
00300d75 _C4X_Control                     00300d75 _C4X_Control
00301013 _C4X_Open                        00300e98 _ClearInterrupt
00300e98 _ClearInterrupt                  00300f03 _EnableInterrupt
00300f03 _EnableInterrupt                 00300f8d _InterruptProc
00301389 _F5_C4xDMAChannelPtr             00300faa _GetInterruptSource
00301388 _F5_NodeId                       00301013 _C4X_Open
00301391 _F5_PLXDMAChannelPtr             00301070 _c_int00
0030138b _F5_PLXDMARegValues              00301087 DIV_F40
00301390 _F5_SRAMSize                     00301094 DIV_I40
0030134c _G_lastRand2                     003010b9 DIV_U40
0030134b _G_lastRandomNum                 003010ec MOD_I40
00300faa _GetInterruptSource              0030110e MOD_U40
00300021 _GetRandNum2                     00301138 _cos
00300010 _GetRandNum                      00301166 _exit
00300f8d _InterruptProc                   00301174 C$$EXIT
00300000 _SetSeed                         00301176 _atexit
00300008 _SetSeed2                        0030118a _abort
00000400 __STACK_SIZE                     0030118b _floor
003013a9 __cleanup_ptr                    0030119f _log
003013f0 __stack                          003011d0 _pow
0030118a _abort                           003012a9 _sin
00301176 _atexit                          003012d7 _tan
00301070 _c_int00                         00301313 _frexp
00301138 _cos                             00301326 _ldexp
003013ef _errno                           0030133d _modf
00301166 _exit                            0030134b _G_lastRandomNum
0030118b _floor                           0030134b .bss
00301313 _frexp                           0030134b etext
00301326 _ldexp                           0030134c _G_lastRand2
0030119f _log                             00301388 _F5_NodeId
00300032 _main                            00301389 _F5_C4xDMAChannelPtr
0030133d _modf                            0030138b _F5_PLXDMARegValues
003011d0 _pow                             00301390 _F5_SRAMSize
003012a9 _sin                             00301391 _F5_PLXDMAChannelPtr
003012d7 _tan                             003013a9 __cleanup_ptr
ffffffff cinit                            003013ef _errno
00300000 edata                            003013f0 end
003013f0 end                              003013f0 __stack
0030134b etext                            ffffffff pinit
ffffffff pinit                            ffffffff cinit

[49 symbols]
